<html>
<body>
<pre>
<h1>µVision Build Log</h1>
<h2>Tool Versions:</h2>
IDE-Version: ¦ÌVision V5.37.0.0
Copyright (C) 2022 ARM Ltd and ARM Germany GmbH. All rights reserved.
License Information: Logan Williams, CQUPT, LIC=TIVNB-2RBV7-UH98H-W2N1L-C9LMP-M8GZR
 
Tool Versions:
Toolchain:       MDK-ARM Plus  Version: 5.37.0.0
Toolchain Path:  C:\Keil_v5\ARM\ARMCLANG\Bin
C Compiler:      ArmClang.exe V6.18
Assembler:       Armasm.exe V6.18
Linker/Locator:  ArmLink.exe V6.18
Library Manager: ArmAr.exe V6.18
Hex Converter:   FromElf.exe V6.18
CPU DLL:         SARMCM3.DLL V5.37.0.0
Dialog DLL:      DCM.DLL V1.17.5.0
Target DLL:      CMSIS_AGDI.dll V1.33.12.0
Dialog DLL:      TCM.DLL V1.56.1.0
 
<h2>Project:</h2>
D:\OneDriveStu\SmartVision\Code\RT1064_RTThread_Library\Seekfree_RT1064_RTThread_Opensource_Library\hello_rt_thread\MDK\RT106X.uvprojx
Project File Date:  07/11/2022

<h2>Output:</h2>
*** Using Compiler 'V6.18', folder: 'C:\Keil_v5\ARM\ARMCLANG\Bin'
Build target 'nor_sdram_zf_dtcm_v6'
compiling gy_85.c...
compiling main.c...
linking...
Program Size: Code=132872 RO-data=13728 RW-data=352 ZI-data=459424  
".\Objects\RT106X.axf" - 0 Error(s), 0 Warning(s).

<h2>Software Packages used:</h2>

Package Vendor: NXP
                https://mcuxpresso.nxp.com/cmsis_pack/repo/NXP.MIMXRT1064_DFP.14.0.0.pack
                NXP.MIMXRT1064_DFP.14.0.0
                Device Family Pack for MIMXRT1064

<h2>Collection of Component include folders:</h2>
  C:/Users/amluo/AppData/Local/Arm/Packs/NXP/MIMXRT1064_DFP/14.0.0

<h2>Collection of Component Files used:</h2>
Build Time Elapsed:  00:00:03
</pre>
</body>
</html>
